// Jest Snapshot v1, https://goo.gl/fbAQLP

exports[`Component: CalcDataConfirm should render CalcDataConfirm by default 1`] = `
<DocumentFragment>
  <div
    class="calc-data-confirm"
  >
    <h1>
      Подтвердите данные
    </h1>
    <div
      class="calc-data-confirm-search"
    >
      <input
        placeholder="Поиск"
        type="text"
        value=""
      />
      <div
        class="sort rotated"
        tabindex="0"
      >
        ^
      </div>
    </div>
    <ul>
      <li>
        2
      </li>
      <li>
        3
      </li>
      <li>
        1
      </li>
      <li>
        5
      </li>
    </ul>
    <div
      class="calc-data-confirm-footer"
    >
      <button>
        Назад
      </button>
      <button>
        Подтверждаю
      </button>
    </div>
  </div>
</DocumentFragment>
`;
